// Jest Snapshot v1, https://goo.gl/fbAQLP

exports[`Counter SnapShot should matches dom Snapshot 1`] = `
<div>
  <button
    data-testid="increment"
    onClick={[Function]}
  >
    +
  </button>
  <p
    data-testid="counter"
  >
    count:
    2
  </p>
  <button
    data-testid="decrement"
    onClick={[Function]}
  >
    -
  </button>
</div>
`;
